127.0.0.1 [30/Apr/2022:00:40:32 -0700] PUBLISH "live" "1" "" - 17982691 529 "" "FMLE/3.0 (compatible; FMSc/1.0)" (55s)
192.168.1.109 - - [30/Apr/2022:00:44:12 -0700] "GET /viewer.html HTTP/1.1" 200 467 "-" "Mozilla/5.0 (Windows NT 10.0; Win64; x64) AppleWebKit/537.36 (KHTML, like Gecko) Chrome/101.0.4951.41 Safari/537.36 Edg/101.0.1210.32"
192.168.1.109 - - [30/Apr/2022:00:44:12 -0700] "GET /js/video-js.css HTTP/1.1" 200 45440 "http://192.168.1.109/viewer.html" "Mozilla/5.0 (Windows NT 10.0; Win64; x64) AppleWebKit/537.36 (KHTML, like Gecko) Chrome/101.0.4951.41 Safari/537.36 Edg/101.0.1210.32"
192.168.1.109 - - [30/Apr/2022:00:44:12 -0700] "GET /js/video.js HTTP/1.1" 200 2030117 "http://192.168.1.109/viewer.html" "Mozilla/5.0 (Windows NT 10.0; Win64; x64) AppleWebKit/537.36 (KHTML, like Gecko) Chrome/101.0.4951.41 Safari/537.36 Edg/101.0.1210.32"
192.168.1.109 - - [30/Apr/2022:00:44:13 -0700] "GET /hls/stream1.m3u8 HTTP/1.1" 404 581 "http://192.168.1.109/viewer.html" "Mozilla/5.0 (Windows NT 10.0; Win64; x64) AppleWebKit/537.36 (KHTML, like Gecko) Chrome/101.0.4951.41 Safari/537.36 Edg/101.0.1210.32"
192.168.1.109 - - [30/Apr/2022:00:44:13 -0700] "GET /favicon.ico HTTP/1.1" 404 581 "http://192.168.1.109/viewer.html" "Mozilla/5.0 (Windows NT 10.0; Win64; x64) AppleWebKit/537.36 (KHTML, like Gecko) Chrome/101.0.4951.41 Safari/537.36 Edg/101.0.1210.32"
192.168.1.109 - - [30/Apr/2022:00:44:57 -0700] "GET /viewer.html HTTP/1.1" 200 466 "-" "Mozilla/5.0 (Windows NT 10.0; Win64; x64) AppleWebKit/537.36 (KHTML, like Gecko) Chrome/101.0.4951.41 Safari/537.36 Edg/101.0.1210.32"
192.168.1.109 - - [30/Apr/2022:00:44:57 -0700] "GET /js/video-js.css HTTP/1.1" 304 0 "http://192.168.1.109/viewer.html" "Mozilla/5.0 (Windows NT 10.0; Win64; x64) AppleWebKit/537.36 (KHTML, like Gecko) Chrome/101.0.4951.41 Safari/537.36 Edg/101.0.1210.32"
192.168.1.109 - - [30/Apr/2022:00:44:57 -0700] "GET /js/video.js HTTP/1.1" 304 0 "http://192.168.1.109/viewer.html" "Mozilla/5.0 (Windows NT 10.0; Win64; x64) AppleWebKit/537.36 (KHTML, like Gecko) Chrome/101.0.4951.41 Safari/537.36 Edg/101.0.1210.32"
192.168.1.109 - - [30/Apr/2022:00:44:57 -0700] "GET /hls/stream.m3u8 HTTP/1.1" 404 581 "http://192.168.1.109/viewer.html" "Mozilla/5.0 (Windows NT 10.0; Win64; x64) AppleWebKit/537.36 (KHTML, like Gecko) Chrome/101.0.4951.41 Safari/537.36 Edg/101.0.1210.32"
192.168.1.109 - - [30/Apr/2022:00:45:00 -0700] "GET /viewer.html HTTP/1.1" 304 0 "-" "Mozilla/5.0 (Windows NT 10.0; Win64; x64) AppleWebKit/537.36 (KHTML, like Gecko) Chrome/101.0.4951.41 Safari/537.36 Edg/101.0.1210.32"
192.168.1.109 - - [30/Apr/2022:00:45:00 -0700] "GET /js/video-js.css HTTP/1.1" 304 0 "http://192.168.1.109/viewer.html" "Mozilla/5.0 (Windows NT 10.0; Win64; x64) AppleWebKit/537.36 (KHTML, like Gecko) Chrome/101.0.4951.41 Safari/537.36 Edg/101.0.1210.32"
192.168.1.109 - - [30/Apr/2022:00:45:00 -0700] "GET /js/video.js HTTP/1.1" 304 0 "http://192.168.1.109/viewer.html" "Mozilla/5.0 (Windows NT 10.0; Win64; x64) AppleWebKit/537.36 (KHTML, like Gecko) Chrome/101.0.4951.41 Safari/537.36 Edg/101.0.1210.32"
192.168.1.109 - - [30/Apr/2022:00:45:00 -0700] "GET /hls/stream.m3u8 HTTP/1.1" 404 581 "http://192.168.1.109/viewer.html" "Mozilla/5.0 (Windows NT 10.0; Win64; x64) AppleWebKit/537.36 (KHTML, like Gecko) Chrome/101.0.4951.41 Safari/537.36 Edg/101.0.1210.32"
127.0.0.1 [30/Apr/2022:00:45:10 -0700] PUBLISH "live" "1" "" - 85757813 529 "" "FMLE/3.0 (compatible; FMSc/1.0)" (4m 19s)
192.168.1.109 - - [30/Apr/2022:00:45:25 -0700] "GET /viewer.html HTTP/1.1" 304 0 "-" "Mozilla/5.0 (Windows NT 10.0; Win64; x64) AppleWebKit/537.36 (KHTML, like Gecko) Chrome/101.0.4951.41 Safari/537.36 Edg/101.0.1210.32"
192.168.1.109 - - [30/Apr/2022:00:45:25 -0700] "GET /js/video-js.css HTTP/1.1" 304 0 "http://192.168.1.109/viewer.html" "Mozilla/5.0 (Windows NT 10.0; Win64; x64) AppleWebKit/537.36 (KHTML, like Gecko) Chrome/101.0.4951.41 Safari/537.36 Edg/101.0.1210.32"
192.168.1.109 - - [30/Apr/2022:00:45:25 -0700] "GET /js/video.js HTTP/1.1" 304 0 "http://192.168.1.109/viewer.html" "Mozilla/5.0 (Windows NT 10.0; Win64; x64) AppleWebKit/537.36 (KHTML, like Gecko) Chrome/101.0.4951.41 Safari/537.36 Edg/101.0.1210.32"
192.168.1.109 - - [30/Apr/2022:00:45:25 -0700] "GET /hls/stream.m3u8 HTTP/1.1" 404 581 "http://192.168.1.109/viewer.html" "Mozilla/5.0 (Windows NT 10.0; Win64; x64) AppleWebKit/537.36 (KHTML, like Gecko) Chrome/101.0.4951.41 Safari/537.36 Edg/101.0.1210.32"
192.168.1.109 - - [30/Apr/2022:00:48:56 -0700] "GET /viewer.html HTTP/1.1" 200 467 "-" "Mozilla/5.0 (Windows NT 10.0; Win64; x64) AppleWebKit/537.36 (KHTML, like Gecko) Chrome/101.0.4951.41 Safari/537.36 Edg/101.0.1210.32"
192.168.1.109 - - [30/Apr/2022:00:48:56 -0700] "GET /js/video-js.css HTTP/1.1" 304 0 "http://192.168.1.109/viewer.html" "Mozilla/5.0 (Windows NT 10.0; Win64; x64) AppleWebKit/537.36 (KHTML, like Gecko) Chrome/101.0.4951.41 Safari/537.36 Edg/101.0.1210.32"
192.168.1.109 - - [30/Apr/2022:00:48:56 -0700] "GET /js/video.js HTTP/1.1" 304 0 "http://192.168.1.109/viewer.html" "Mozilla/5.0 (Windows NT 10.0; Win64; x64) AppleWebKit/537.36 (KHTML, like Gecko) Chrome/101.0.4951.41 Safari/537.36 Edg/101.0.1210.32"
192.168.1.109 - - [30/Apr/2022:00:48:56 -0700] "GET /hls/stream1.m3u8 HTTP/1.1" 404 581 "http://192.168.1.109/viewer.html" "Mozilla/5.0 (Windows NT 10.0; Win64; x64) AppleWebKit/537.36 (KHTML, like Gecko) Chrome/101.0.4951.41 Safari/537.36 Edg/101.0.1210.32"
127.0.0.1 [30/Apr/2022:00:49:04 -0700] PUBLISH "live" "1" "" - 74884797 529 "" "FMLE/3.0 (compatible; FMSc/1.0)" (3m 45s)
192.168.1.109 - - [30/Apr/2022:00:49:14 -0700] "GET /viewer.html HTTP/1.1" 304 0 "-" "Mozilla/5.0 (Windows NT 10.0; Win64; x64) AppleWebKit/537.36 (KHTML, like Gecko) Chrome/101.0.4951.41 Safari/537.36 Edg/101.0.1210.32"
192.168.1.109 - - [30/Apr/2022:00:49:14 -0700] "GET /js/video-js.css HTTP/1.1" 304 0 "http://192.168.1.109/viewer.html" "Mozilla/5.0 (Windows NT 10.0; Win64; x64) AppleWebKit/537.36 (KHTML, like Gecko) Chrome/101.0.4951.41 Safari/537.36 Edg/101.0.1210.32"
192.168.1.109 - - [30/Apr/2022:00:49:14 -0700] "GET /js/video.js HTTP/1.1" 304 0 "http://192.168.1.109/viewer.html" "Mozilla/5.0 (Windows NT 10.0; Win64; x64) AppleWebKit/537.36 (KHTML, like Gecko) Chrome/101.0.4951.41 Safari/537.36 Edg/101.0.1210.32"
192.168.1.109 - - [30/Apr/2022:00:49:14 -0700] "GET /hls/stream1.m3u8 HTTP/1.1" 404 581 "http://192.168.1.109/viewer.html" "Mozilla/5.0 (Windows NT 10.0; Win64; x64) AppleWebKit/537.36 (KHTML, like Gecko) Chrome/101.0.4951.41 Safari/537.36 Edg/101.0.1210.32"
127.0.0.1 - - [30/Apr/2022:00:49:57 -0700] "GET /viewer.html HTTP/1.1" 200 467 "-" "Mozilla/5.0 (Windows NT 10.0; Win64; x64) AppleWebKit/537.36 (KHTML, like Gecko) Chrome/101.0.4951.41 Safari/537.36 Edg/101.0.1210.32"
127.0.0.1 - - [30/Apr/2022:00:49:57 -0700] "GET /js/video-js.css HTTP/1.1" 200 45440 "http://localhost/viewer.html" "Mozilla/5.0 (Windows NT 10.0; Win64; x64) AppleWebKit/537.36 (KHTML, like Gecko) Chrome/101.0.4951.41 Safari/537.36 Edg/101.0.1210.32"
127.0.0.1 - - [30/Apr/2022:00:49:57 -0700] "GET /js/video.js HTTP/1.1" 200 2030117 "http://localhost/viewer.html" "Mozilla/5.0 (Windows NT 10.0; Win64; x64) AppleWebKit/537.36 (KHTML, like Gecko) Chrome/101.0.4951.41 Safari/537.36 Edg/101.0.1210.32"
127.0.0.1 - - [30/Apr/2022:00:49:57 -0700] "GET /hls/stream1.m3u8 HTTP/1.1" 404 581 "http://localhost/viewer.html" "Mozilla/5.0 (Windows NT 10.0; Win64; x64) AppleWebKit/537.36 (KHTML, like Gecko) Chrome/101.0.4951.41 Safari/537.36 Edg/101.0.1210.32"
127.0.0.1 [30/Apr/2022:00:50:05 -0700] PUBLISH "live" "1" "" - 19676954 547 "" "FMLE/3.0 (compatible; FMSc/1.0)" (4m 46s)
127.0.0.1 - - [30/Apr/2022:00:50:26 -0700] "GET /viewer.html HTTP/1.1" 304 0 "-" "Mozilla/5.0 (Windows NT 10.0; Win64; x64) AppleWebKit/537.36 (KHTML, like Gecko) Chrome/101.0.4951.41 Safari/537.36 Edg/101.0.1210.32"
127.0.0.1 - - [30/Apr/2022:00:50:26 -0700] "GET /js/video-js.css HTTP/1.1" 304 0 "http://localhost/viewer.html" "Mozilla/5.0 (Windows NT 10.0; Win64; x64) AppleWebKit/537.36 (KHTML, like Gecko) Chrome/101.0.4951.41 Safari/537.36 Edg/101.0.1210.32"
127.0.0.1 - - [30/Apr/2022:00:50:26 -0700] "GET /js/video.js HTTP/1.1" 304 0 "http://localhost/viewer.html" "Mozilla/5.0 (Windows NT 10.0; Win64; x64) AppleWebKit/537.36 (KHTML, like Gecko) Chrome/101.0.4951.41 Safari/537.36 Edg/101.0.1210.32"
127.0.0.1 - - [30/Apr/2022:00:50:26 -0700] "GET /hls/stream1.m3u8 HTTP/1.1" 404 581 "http://localhost/viewer.html" "Mozilla/5.0 (Windows NT 10.0; Win64; x64) AppleWebKit/537.36 (KHTML, like Gecko) Chrome/101.0.4951.41 Safari/537.36 Edg/101.0.1210.32"
127.0.0.1 - - [30/Apr/2022:00:56:52 -0700] "GET /viewer.html HTTP/1.1" 304 0 "-" "Mozilla/5.0 (Windows NT 10.0; Win64; x64) AppleWebKit/537.36 (KHTML, like Gecko) Chrome/101.0.4951.41 Safari/537.36 Edg/101.0.1210.32"
127.0.0.1 - - [30/Apr/2022:00:56:52 -0700] "GET /js/video-js.css HTTP/1.1" 304 0 "http://localhost/viewer.html" "Mozilla/5.0 (Windows NT 10.0; Win64; x64) AppleWebKit/537.36 (KHTML, like Gecko) Chrome/101.0.4951.41 Safari/537.36 Edg/101.0.1210.32"
127.0.0.1 - - [30/Apr/2022:00:56:52 -0700] "GET /js/video.js HTTP/1.1" 304 0 "http://localhost/viewer.html" "Mozilla/5.0 (Windows NT 10.0; Win64; x64) AppleWebKit/537.36 (KHTML, like Gecko) Chrome/101.0.4951.41 Safari/537.36 Edg/101.0.1210.32"
127.0.0.1 - - [30/Apr/2022:00:56:52 -0700] "GET /hls/stream1.m3u8 HTTP/1.1" 404 581 "http://localhost/viewer.html" "Mozilla/5.0 (Windows NT 10.0; Win64; x64) AppleWebKit/537.36 (KHTML, like Gecko) Chrome/101.0.4951.41 Safari/537.36 Edg/101.0.1210.32"
127.0.0.1 [30/Apr/2022:00:59:04 -0700] PUBLISH "live" "1" "" - 174379768 529 "" "FMLE/3.0 (compatible; FMSc/1.0)" (8m 44s)
127.0.0.1 - - [30/Apr/2022:01:00:40 -0700] "GET /viewer.html HTTP/1.1" 304 0 "-" "Mozilla/5.0 (Windows NT 10.0; Win64; x64) AppleWebKit/537.36 (KHTML, like Gecko) Chrome/101.0.4951.41 Safari/537.36 Edg/101.0.1210.32"
127.0.0.1 - - [30/Apr/2022:01:00:40 -0700] "GET /js/video-js.css HTTP/1.1" 304 0 "http://localhost/viewer.html" "Mozilla/5.0 (Windows NT 10.0; Win64; x64) AppleWebKit/537.36 (KHTML, like Gecko) Chrome/101.0.4951.41 Safari/537.36 Edg/101.0.1210.32"
127.0.0.1 - - [30/Apr/2022:01:00:40 -0700] "GET /js/video.js HTTP/1.1" 304 0 "http://localhost/viewer.html" "Mozilla/5.0 (Windows NT 10.0; Win64; x64) AppleWebKit/537.36 (KHTML, like Gecko) Chrome/101.0.4951.41 Safari/537.36 Edg/101.0.1210.32"
127.0.0.1 - - [30/Apr/2022:01:00:40 -0700] "GET /hls/stream1.m3u8 HTTP/1.1" 200 122 "http://localhost/viewer.html" "Mozilla/5.0 (Windows NT 10.0; Win64; x64) AppleWebKit/537.36 (KHTML, like Gecko) Chrome/101.0.4951.41 Safari/537.36 Edg/101.0.1210.32"
127.0.0.1 - - [30/Apr/2022:01:00:40 -0700] "GET /hls/stream1.m3u8 HTTP/1.1" 200 122 "http://localhost/viewer.html" "Mozilla/5.0 (Windows NT 10.0; Win64; x64) AppleWebKit/537.36 (KHTML, like Gecko) Chrome/101.0.4951.41 Safari/537.36 Edg/101.0.1210.32"
127.0.0.1 - - [30/Apr/2022:01:00:43 -0700] "GET /hls/stream1-0.ts HTTP/1.1" 200 2079092 "http://localhost/viewer.html" "Mozilla/5.0 (Windows NT 10.0; Win64; x64) AppleWebKit/537.36 (KHTML, like Gecko) Chrome/101.0.4951.41 Safari/537.36 Edg/101.0.1210.32"
127.0.0.1 - - [30/Apr/2022:01:00:47 -0700] "GET /hls/stream1.m3u8 HTTP/1.1" 200 150 "http://localhost/viewer.html" "Mozilla/5.0 (Windows NT 10.0; Win64; x64) AppleWebKit/537.36 (KHTML, like Gecko) Chrome/101.0.4951.41 Safari/537.36 Edg/101.0.1210.32"
127.0.0.1 - - [30/Apr/2022:01:00:47 -0700] "GET /hls/stream1.m3u8 HTTP/1.1" 200 150 "http://localhost/viewer.html" "Mozilla/5.0 (Windows NT 10.0; Win64; x64) AppleWebKit/537.36 (KHTML, like Gecko) Chrome/101.0.4951.41 Safari/537.36 Edg/101.0.1210.32"
127.0.0.1 - - [30/Apr/2022:01:00:47 -0700] "GET /hls/stream1-1.ts HTTP/1.1" 200 1750092 "http://localhost/viewer.html" "Mozilla/5.0 (Windows NT 10.0; Win64; x64) AppleWebKit/537.36 (KHTML, like Gecko) Chrome/101.0.4951.41 Safari/537.36 Edg/101.0.1210.32"
127.0.0.1 - - [30/Apr/2022:01:00:52 -0700] "GET /hls/stream1.m3u8 HTTP/1.1" 200 178 "http://localhost/viewer.html" "Mozilla/5.0 (Windows NT 10.0; Win64; x64) AppleWebKit/537.36 (KHTML, like Gecko) Chrome/101.0.4951.41 Safari/537.36 Edg/101.0.1210.32"
127.0.0.1 - - [30/Apr/2022:01:00:52 -0700] "GET /hls/stream1-2.ts HTTP/1.1" 200 2873204 "http://localhost/viewer.html" "Mozilla/5.0 (Windows NT 10.0; Win64; x64) AppleWebKit/537.36 (KHTML, like Gecko) Chrome/101.0.4951.41 Safari/537.36 Edg/101.0.1210.32"
127.0.0.1 - - [30/Apr/2022:01:00:52 -0700] "GET /hls/stream1.m3u8 HTTP/1.1" 200 178 "http://localhost/viewer.html" "Mozilla/5.0 (Windows NT 10.0; Win64; x64) AppleWebKit/537.36 (KHTML, like Gecko) Chrome/101.0.4951.41 Safari/537.36 Edg/101.0.1210.32"
127.0.0.1 - - [30/Apr/2022:01:01:00 -0700] "GET /hls/stream1.m3u8 HTTP/1.1" 200 206 "http://localhost/viewer.html" "Mozilla/5.0 (Windows NT 10.0; Win64; x64) AppleWebKit/537.36 (KHTML, like Gecko) Chrome/101.0.4951.41 Safari/537.36 Edg/101.0.1210.32"
127.0.0.1 - - [30/Apr/2022:01:01:00 -0700] "GET /hls/stream1-3.ts HTTP/1.1" 200 2870196 "http://localhost/viewer.html" "Mozilla/5.0 (Windows NT 10.0; Win64; x64) AppleWebKit/537.36 (KHTML, like Gecko) Chrome/101.0.4951.41 Safari/537.36 Edg/101.0.1210.32"
127.0.0.1 - - [30/Apr/2022:01:01:00 -0700] "GET /hls/stream1.m3u8 HTTP/1.1" 200 206 "http://localhost/viewer.html" "Mozilla/5.0 (Windows NT 10.0; Win64; x64) AppleWebKit/537.36 (KHTML, like Gecko) Chrome/101.0.4951.41 Safari/537.36 Edg/101.0.1210.32"
127.0.0.1 - - [30/Apr/2022:01:01:08 -0700] "GET /hls/stream1.m3u8 HTTP/1.1" 200 234 "http://localhost/viewer.html" "Mozilla/5.0 (Windows NT 10.0; Win64; x64) AppleWebKit/537.36 (KHTML, like Gecko) Chrome/101.0.4951.41 Safari/537.36 Edg/101.0.1210.32"
127.0.0.1 - - [30/Apr/2022:01:01:08 -0700] "GET /hls/stream1-4.ts HTTP/1.1" 200 1954260 "http://localhost/viewer.html" "Mozilla/5.0 (Windows NT 10.0; Win64; x64) AppleWebKit/537.36 (KHTML, like Gecko) Chrome/101.0.4951.41 Safari/537.36 Edg/101.0.1210.32"
127.0.0.1 - - [30/Apr/2022:01:01:08 -0700] "GET /hls/stream1.m3u8 HTTP/1.1" 200 234 "http://localhost/viewer.html" "Mozilla/5.0 (Windows NT 10.0; Win64; x64) AppleWebKit/537.36 (KHTML, like Gecko) Chrome/101.0.4951.41 Safari/537.36 Edg/101.0.1210.32"
127.0.0.1 - - [30/Apr/2022:01:01:14 -0700] "GET /hls/stream1.m3u8 HTTP/1.1" 200 262 "http://localhost/viewer.html" "Mozilla/5.0 (Windows NT 10.0; Win64; x64) AppleWebKit/537.36 (KHTML, like Gecko) Chrome/101.0.4951.41 Safari/537.36 Edg/101.0.1210.32"
127.0.0.1 - - [30/Apr/2022:01:01:14 -0700] "GET /hls/stream1.m3u8 HTTP/1.1" 200 262 "http://localhost/viewer.html" "Mozilla/5.0 (Windows NT 10.0; Win64; x64) AppleWebKit/537.36 (KHTML, like Gecko) Chrome/101.0.4951.41 Safari/537.36 Edg/101.0.1210.32"
127.0.0.1 - - [30/Apr/2022:01:01:14 -0700] "GET /hls/stream1-5.ts HTTP/1.1" 200 1997876 "http://localhost/viewer.html" "Mozilla/5.0 (Windows NT 10.0; Win64; x64) AppleWebKit/537.36 (KHTML, like Gecko) Chrome/101.0.4951.41 Safari/537.36 Edg/101.0.1210.32"
127.0.0.1 - - [30/Apr/2022:01:01:20 -0700] "GET /hls/stream1.m3u8 HTTP/1.1" 200 290 "http://localhost/viewer.html" "Mozilla/5.0 (Windows NT 10.0; Win64; x64) AppleWebKit/537.36 (KHTML, like Gecko) Chrome/101.0.4951.41 Safari/537.36 Edg/101.0.1210.32"
127.0.0.1 - - [30/Apr/2022:01:01:20 -0700] "GET /hls/stream1.m3u8 HTTP/1.1" 200 290 "http://localhost/viewer.html" "Mozilla/5.0 (Windows NT 10.0; Win64; x64) AppleWebKit/537.36 (KHTML, like Gecko) Chrome/101.0.4951.41 Safari/537.36 Edg/101.0.1210.32"
127.0.0.1 - - [30/Apr/2022:01:01:20 -0700] "GET /hls/stream1-6.ts HTTP/1.1" 200 2848388 "http://localhost/viewer.html" "Mozilla/5.0 (Windows NT 10.0; Win64; x64) AppleWebKit/537.36 (KHTML, like Gecko) Chrome/101.0.4951.41 Safari/537.36 Edg/101.0.1210.32"
127.0.0.1 - - [30/Apr/2022:01:01:28 -0700] "GET /hls/stream1.m3u8 HTTP/1.1" 200 318 "http://localhost/viewer.html" "Mozilla/5.0 (Windows NT 10.0; Win64; x64) AppleWebKit/537.36 (KHTML, like Gecko) Chrome/101.0.4951.41 Safari/537.36 Edg/101.0.1210.32"
127.0.0.1 - - [30/Apr/2022:01:01:28 -0700] "GET /hls/stream1-7.ts HTTP/1.1" 200 2522396 "http://localhost/viewer.html" "Mozilla/5.0 (Windows NT 10.0; Win64; x64) AppleWebKit/537.36 (KHTML, like Gecko) Chrome/101.0.4951.41 Safari/537.36 Edg/101.0.1210.32"
127.0.0.1 - - [30/Apr/2022:01:01:28 -0700] "GET /hls/stream1.m3u8 HTTP/1.1" 200 318 "http://localhost/viewer.html" "Mozilla/5.0 (Windows NT 10.0; Win64; x64) AppleWebKit/537.36 (KHTML, like Gecko) Chrome/101.0.4951.41 Safari/537.36 Edg/101.0.1210.32"
127.0.0.1 - - [30/Apr/2022:01:01:36 -0700] "GET /hls/stream1.m3u8 HTTP/1.1" 200 346 "http://localhost/viewer.html" "Mozilla/5.0 (Windows NT 10.0; Win64; x64) AppleWebKit/537.36 (KHTML, like Gecko) Chrome/101.0.4951.41 Safari/537.36 Edg/101.0.1210.32"
127.0.0.1 - - [30/Apr/2022:01:01:36 -0700] "GET /hls/stream1-8.ts HTTP/1.1" 200 2326312 "http://localhost/viewer.html" "Mozilla/5.0 (Windows NT 10.0; Win64; x64) AppleWebKit/537.36 (KHTML, like Gecko) Chrome/101.0.4951.41 Safari/537.36 Edg/101.0.1210.32"
127.0.0.1 - - [30/Apr/2022:01:01:36 -0700] "GET /hls/stream1.m3u8 HTTP/1.1" 200 346 "http://localhost/viewer.html" "Mozilla/5.0 (Windows NT 10.0; Win64; x64) AppleWebKit/537.36 (KHTML, like Gecko) Chrome/101.0.4951.41 Safari/537.36 Edg/101.0.1210.32"
192.168.1.1 - - [30/Apr/2022:01:01:37 -0700] "GET /viwer.html HTTP/1.1" 404 581 "-" "Mozilla/5.0 (Linux; Android 11; LM-V510N) AppleWebKit/537.36 (KHTML, like Gecko) Chrome/101.0.4951.41 Mobile Safari/537.36"
192.168.1.1 - - [30/Apr/2022:01:01:41 -0700] "GET /viwer.html HTTP/1.1" 404 581 "-" "Mozilla/5.0 (Linux; Android 11; LM-V510N) AppleWebKit/537.36 (KHTML, like Gecko) Chrome/101.0.4951.41 Mobile Safari/537.36"
127.0.0.1 - - [30/Apr/2022:01:01:42 -0700] "GET /hls/stream1.m3u8 HTTP/1.1" 200 403 "http://localhost/viewer.html" "Mozilla/5.0 (Windows NT 10.0; Win64; x64) AppleWebKit/537.36 (KHTML, like Gecko) Chrome/101.0.4951.41 Safari/537.36 Edg/101.0.1210.32"
127.0.0.1 - - [30/Apr/2022:01:01:42 -0700] "GET /hls/stream1-9.ts HTTP/1.1" 200 1469784 "http://localhost/viewer.html" "Mozilla/5.0 (Windows NT 10.0; Win64; x64) AppleWebKit/537.36 (KHTML, like Gecko) Chrome/101.0.4951.41 Safari/537.36 Edg/101.0.1210.32"
127.0.0.1 - - [30/Apr/2022:01:01:42 -0700] "GET /hls/stream1.m3u8 HTTP/1.1" 200 403 "http://localhost/viewer.html" "Mozilla/5.0 (Windows NT 10.0; Win64; x64) AppleWebKit/537.36 (KHTML, like Gecko) Chrome/101.0.4951.41 Safari/537.36 Edg/101.0.1210.32"
127.0.0.1 - - [30/Apr/2022:01:01:42 -0700] "GET /hls/stream1-10.ts HTTP/1.1" 200 1253020 "http://localhost/viewer.html" "Mozilla/5.0 (Windows NT 10.0; Win64; x64) AppleWebKit/537.36 (KHTML, like Gecko) Chrome/101.0.4951.41 Safari/537.36 Edg/101.0.1210.32"
127.0.0.1 - - [30/Apr/2022:01:01:46 -0700] "GET /hls/stream1.m3u8 HTTP/1.1" 200 432 "http://localhost/viewer.html" "Mozilla/5.0 (Windows NT 10.0; Win64; x64) AppleWebKit/537.36 (KHTML, like Gecko) Chrome/101.0.4951.41 Safari/537.36 Edg/101.0.1210.32"
127.0.0.1 - - [30/Apr/2022:01:01:46 -0700] "GET /hls/stream1-11.ts HTTP/1.1" 200 1599692 "http://localhost/viewer.html" "Mozilla/5.0 (Windows NT 10.0; Win64; x64) AppleWebKit/537.36 (KHTML, like Gecko) Chrome/101.0.4951.41 Safari/537.36 Edg/101.0.1210.32"
127.0.0.1 - - [30/Apr/2022:01:01:46 -0700] "GET /hls/stream1.m3u8 HTTP/1.1" 200 432 "http://localhost/viewer.html" "Mozilla/5.0 (Windows NT 10.0; Win64; x64) AppleWebKit/537.36 (KHTML, like Gecko) Chrome/101.0.4951.41 Safari/537.36 Edg/101.0.1210.32"
127.0.0.1 - - [30/Apr/2022:01:01:50 -0700] "GET /hls/stream1.m3u8 HTTP/1.1" 200 461 "http://localhost/viewer.html" "Mozilla/5.0 (Windows NT 10.0; Win64; x64) AppleWebKit/537.36 (KHTML, like Gecko) Chrome/101.0.4951.41 Safari/537.36 Edg/101.0.1210.32"
127.0.0.1 - - [30/Apr/2022:01:01:50 -0700] "GET /hls/stream1-12.ts HTTP/1.1" 200 1522048 "http://localhost/viewer.html" "Mozilla/5.0 (Windows NT 10.0; Win64; x64) AppleWebKit/537.36 (KHTML, like Gecko) Chrome/101.0.4951.41 Safari/537.36 Edg/101.0.1210.32"
127.0.0.1 - - [30/Apr/2022:01:01:50 -0700] "GET /hls/stream1.m3u8 HTTP/1.1" 200 461 "http://localhost/viewer.html" "Mozilla/5.0 (Windows NT 10.0; Win64; x64) AppleWebKit/537.36 (KHTML, like Gecko) Chrome/101.0.4951.41 Safari/537.36 Edg/101.0.1210.32"
127.0.0.1 - - [30/Apr/2022:01:01:55 -0700] "GET /hls/stream1.m3u8 HTTP/1.1" 304 0 "http://localhost/viewer.html" "Mozilla/5.0 (Windows NT 10.0; Win64; x64) AppleWebKit/537.36 (KHTML, like Gecko) Chrome/101.0.4951.41 Safari/537.36 Edg/101.0.1210.32"
127.0.0.1 - - [30/Apr/2022:01:01:55 -0700] "GET /hls/stream1.m3u8 HTTP/1.1" 304 0 "http://localhost/viewer.html" "Mozilla/5.0 (Windows NT 10.0; Win64; x64) AppleWebKit/537.36 (KHTML, like Gecko) Chrome/101.0.4951.41 Safari/537.36 Edg/101.0.1210.32"
127.0.0.1 - - [30/Apr/2022:01:01:59 -0700] "GET /hls/stream1.m3u8 HTTP/1.1" 200 490 "http://localhost/viewer.html" "Mozilla/5.0 (Windows NT 10.0; Win64; x64) AppleWebKit/537.36 (KHTML, like Gecko) Chrome/101.0.4951.41 Safari/537.36 Edg/101.0.1210.32"
127.0.0.1 - - [30/Apr/2022:01:01:59 -0700] "GET /hls/stream1-13.ts HTTP/1.1" 200 2024760 "http://localhost/viewer.html" "Mozilla/5.0 (Windows NT 10.0; Win64; x64) AppleWebKit/537.36 (KHTML, like Gecko) Chrome/101.0.4951.41 Safari/537.36 Edg/101.0.1210.32"
127.0.0.1 - - [30/Apr/2022:01:01:59 -0700] "GET /hls/stream1.m3u8 HTTP/1.1" 200 490 "http://localhost/viewer.html" "Mozilla/5.0 (Windows NT 10.0; Win64; x64) AppleWebKit/537.36 (KHTML, like Gecko) Chrome/101.0.4951.41 Safari/537.36 Edg/101.0.1210.32"
127.0.0.1 - - [30/Apr/2022:01:02:05 -0700] "GET /hls/stream1.m3u8 HTTP/1.1" 200 519 "http://localhost/viewer.html" "Mozilla/5.0 (Windows NT 10.0; Win64; x64) AppleWebKit/537.36 (KHTML, like Gecko) Chrome/101.0.4951.41 Safari/537.36 Edg/101.0.1210.32"
127.0.0.1 - - [30/Apr/2022:01:02:05 -0700] "GET /hls/stream1-14.ts HTTP/1.1" 200 1449856 "http://localhost/viewer.html" "Mozilla/5.0 (Windows NT 10.0; Win64; x64) AppleWebKit/537.36 (KHTML, like Gecko) Chrome/101.0.4951.41 Safari/537.36 Edg/101.0.1210.32"
127.0.0.1 - - [30/Apr/2022:01:02:05 -0700] "GET /hls/stream1.m3u8 HTTP/1.1" 200 519 "http://localhost/viewer.html" "Mozilla/5.0 (Windows NT 10.0; Win64; x64) AppleWebKit/537.36 (KHTML, like Gecko) Chrome/101.0.4951.41 Safari/537.36 Edg/101.0.1210.32"
127.0.0.1 - - [30/Apr/2022:01:02:09 -0700] "GET /hls/stream1.m3u8 HTTP/1.1" 200 548 "http://localhost/viewer.html" "Mozilla/5.0 (Windows NT 10.0; Win64; x64) AppleWebKit/537.36 (KHTML, like Gecko) Chrome/101.0.4951.41 Safari/537.36 Edg/101.0.1210.32"
127.0.0.1 - - [30/Apr/2022:01:02:09 -0700] "GET /hls/stream1-15.ts HTTP/1.1" 200 2804208 "http://localhost/viewer.html" "Mozilla/5.0 (Windows NT 10.0; Win64; x64) AppleWebKit/537.36 (KHTML, like Gecko) Chrome/101.0.4951.41 Safari/537.36 Edg/101.0.1210.32"
127.0.0.1 - - [30/Apr/2022:01:02:09 -0700] "GET /hls/stream1.m3u8 HTTP/1.1" 200 548 "http://localhost/viewer.html" "Mozilla/5.0 (Windows NT 10.0; Win64; x64) AppleWebKit/537.36 (KHTML, like Gecko) Chrome/101.0.4951.41 Safari/537.36 Edg/101.0.1210.32"
192.168.1.104 - - [30/Apr/2022:01:02:10 -0700] "GET /viwer.html HTTP/1.1" 404 581 "-" "Mozilla/5.0 (Linux; Android 11; LM-V510N) AppleWebKit/537.36 (KHTML, like Gecko) Chrome/101.0.4951.41 Mobile Safari/537.36"
192.168.1.104 - - [30/Apr/2022:01:02:10 -0700] "GET /favicon.ico HTTP/1.1" 404 581 "http://192.168.1.109/viwer.html" "Mozilla/5.0 (Linux; Android 11; LM-V510N) AppleWebKit/537.36 (KHTML, like Gecko) Chrome/101.0.4951.41 Mobile Safari/537.36"
192.168.1.104 - - [30/Apr/2022:01:02:12 -0700] "GET /viwer.html HTTP/1.1" 404 581 "-" "Mozilla/5.0 (Linux; Android 11; LM-V510N) AppleWebKit/537.36 (KHTML, like Gecko) Chrome/101.0.4951.41 Mobile Safari/537.36"
127.0.0.1 - - [30/Apr/2022:01:02:17 -0700] "GET /hls/stream1.m3u8 HTTP/1.1" 200 577 "http://localhost/viewer.html" "Mozilla/5.0 (Windows NT 10.0; Win64; x64) AppleWebKit/537.36 (KHTML, like Gecko) Chrome/101.0.4951.41 Safari/537.36 Edg/101.0.1210.32"
127.0.0.1 - - [30/Apr/2022:01:02:17 -0700] "GET /hls/stream1-16.ts HTTP/1.1" 200 1617552 "http://localhost/viewer.html" "Mozilla/5.0 (Windows NT 10.0; Win64; x64) AppleWebKit/537.36 (KHTML, like Gecko) Chrome/101.0.4951.41 Safari/537.36 Edg/101.0.1210.32"
127.0.0.1 - - [30/Apr/2022:01:02:18 -0700] "GET /hls/stream1.m3u8 HTTP/1.1" 200 577 "http://localhost/viewer.html" "Mozilla/5.0 (Windows NT 10.0; Win64; x64) AppleWebKit/537.36 (KHTML, like Gecko) Chrome/101.0.4951.41 Safari/537.36 Edg/101.0.1210.32"
127.0.0.1 - - [30/Apr/2022:01:02:22 -0700] "GET /hls/stream1.m3u8 HTTP/1.1" 200 606 "http://localhost/viewer.html" "Mozilla/5.0 (Windows NT 10.0; Win64; x64) AppleWebKit/537.36 (KHTML, like Gecko) Chrome/101.0.4951.41 Safari/537.36 Edg/101.0.1210.32"
127.0.0.1 - - [30/Apr/2022:01:02:22 -0700] "GET /hls/stream1-17.ts HTTP/1.1" 200 2010284 "http://localhost/viewer.html" "Mozilla/5.0 (Windows NT 10.0; Win64; x64) AppleWebKit/537.36 (KHTML, like Gecko) Chrome/101.0.4951.41 Safari/537.36 Edg/101.0.1210.32"
127.0.0.1 - - [30/Apr/2022:01:02:22 -0700] "GET /hls/stream1.m3u8 HTTP/1.1" 200 606 "http://localhost/viewer.html" "Mozilla/5.0 (Windows NT 10.0; Win64; x64) AppleWebKit/537.36 (KHTML, like Gecko) Chrome/101.0.4951.41 Safari/537.36 Edg/101.0.1210.32"
127.0.0.1 - - [30/Apr/2022:01:02:28 -0700] "GET /hls/stream1.m3u8 HTTP/1.1" 200 635 "http://localhost/viewer.html" "Mozilla/5.0 (Windows NT 10.0; Win64; x64) AppleWebKit/537.36 (KHTML, like Gecko) Chrome/101.0.4951.41 Safari/537.36 Edg/101.0.1210.32"
127.0.0.1 - - [30/Apr/2022:01:02:28 -0700] "GET /hls/stream1.m3u8 HTTP/1.1" 200 635 "http://localhost/viewer.html" "Mozilla/5.0 (Windows NT 10.0; Win64; x64) AppleWebKit/537.36 (KHTML, like Gecko) Chrome/101.0.4951.41 Safari/537.36 Edg/101.0.1210.32"
127.0.0.1 - - [30/Apr/2022:01:02:28 -0700] "GET /hls/stream1-18.ts HTTP/1.1" 200 1810816 "http://localhost/viewer.html" "Mozilla/5.0 (Windows NT 10.0; Win64; x64) AppleWebKit/537.36 (KHTML, like Gecko) Chrome/101.0.4951.41 Safari/537.36 Edg/101.0.1210.32"
127.0.0.1 - - [30/Apr/2022:01:02:28 -0700] "GET /viewer.html HTTP/1.1" 304 0 "-" "Mozilla/5.0 (Windows NT 10.0; Win64; x64) AppleWebKit/537.36 (KHTML, like Gecko) Chrome/101.0.4951.41 Safari/537.36 Edg/101.0.1210.32"
127.0.0.1 - - [30/Apr/2022:01:02:29 -0700] "GET /js/video-js.css HTTP/1.1" 304 0 "http://localhost/viewer.html" "Mozilla/5.0 (Windows NT 10.0; Win64; x64) AppleWebKit/537.36 (KHTML, like Gecko) Chrome/101.0.4951.41 Safari/537.36 Edg/101.0.1210.32"
127.0.0.1 - - [30/Apr/2022:01:02:29 -0700] "GET /js/video.js HTTP/1.1" 304 0 "http://localhost/viewer.html" "Mozilla/5.0 (Windows NT 10.0; Win64; x64) AppleWebKit/537.36 (KHTML, like Gecko) Chrome/101.0.4951.41 Safari/537.36 Edg/101.0.1210.32"
127.0.0.1 - - [30/Apr/2022:01:02:29 -0700] "GET /hls/stream1.m3u8 HTTP/1.1" 304 0 "http://localhost/viewer.html" "Mozilla/5.0 (Windows NT 10.0; Win64; x64) AppleWebKit/537.36 (KHTML, like Gecko) Chrome/101.0.4951.41 Safari/537.36 Edg/101.0.1210.32"
127.0.0.1 - - [30/Apr/2022:01:02:29 -0700] "GET /hls/stream1.m3u8 HTTP/1.1" 304 0 "http://localhost/viewer.html" "Mozilla/5.0 (Windows NT 10.0; Win64; x64) AppleWebKit/537.36 (KHTML, like Gecko) Chrome/101.0.4951.41 Safari/537.36 Edg/101.0.1210.32"
127.0.0.1 - - [30/Apr/2022:01:02:33 -0700] "GET /hls/stream1-14.ts HTTP/1.1" 304 0 "http://localhost/viewer.html" "Mozilla/5.0 (Windows NT 10.0; Win64; x64) AppleWebKit/537.36 (KHTML, like Gecko) Chrome/101.0.4951.41 Safari/537.36 Edg/101.0.1210.32"
127.0.0.1 - - [30/Apr/2022:01:02:33 -0700] "GET /hls/stream1-15.ts HTTP/1.1" 304 0 "http://localhost/viewer.html" "Mozilla/5.0 (Windows NT 10.0; Win64; x64) AppleWebKit/537.36 (KHTML, like Gecko) Chrome/101.0.4951.41 Safari/537.36 Edg/101.0.1210.32"
127.0.0.1 - - [30/Apr/2022:01:02:33 -0700] "GET /hls/stream1-16.ts HTTP/1.1" 304 0 "http://localhost/viewer.html" "Mozilla/5.0 (Windows NT 10.0; Win64; x64) AppleWebKit/537.36 (KHTML, like Gecko) Chrome/101.0.4951.41 Safari/537.36 Edg/101.0.1210.32"
127.0.0.1 - - [30/Apr/2022:01:02:33 -0700] "GET /hls/stream1-17.ts HTTP/1.1" 304 0 "http://localhost/viewer.html" "Mozilla/5.0 (Windows NT 10.0; Win64; x64) AppleWebKit/537.36 (KHTML, like Gecko) Chrome/101.0.4951.41 Safari/537.36 Edg/101.0.1210.32"
127.0.0.1 - - [30/Apr/2022:01:02:34 -0700] "GET /hls/stream1-18.ts HTTP/1.1" 304 0 "http://localhost/viewer.html" "Mozilla/5.0 (Windows NT 10.0; Win64; x64) AppleWebKit/537.36 (KHTML, like Gecko) Chrome/101.0.4951.41 Safari/537.36 Edg/101.0.1210.32"
127.0.0.1 - - [30/Apr/2022:01:02:35 -0700] "GET /hls/stream1.m3u8 HTTP/1.1" 200 664 "http://localhost/viewer.html" "Mozilla/5.0 (Windows NT 10.0; Win64; x64) AppleWebKit/537.36 (KHTML, like Gecko) Chrome/101.0.4951.41 Safari/537.36 Edg/101.0.1210.32"
127.0.0.1 - - [30/Apr/2022:01:02:35 -0700] "GET /hls/stream1.m3u8 HTTP/1.1" 200 664 "http://localhost/viewer.html" "Mozilla/5.0 (Windows NT 10.0; Win64; x64) AppleWebKit/537.36 (KHTML, like Gecko) Chrome/101.0.4951.41 Safari/537.36 Edg/101.0.1210.32"
127.0.0.1 - - [30/Apr/2022:01:02:35 -0700] "GET /hls/stream1-19.ts HTTP/1.1" 200 2878844 "http://localhost/viewer.html" "Mozilla/5.0 (Windows NT 10.0; Win64; x64) AppleWebKit/537.36 (KHTML, like Gecko) Chrome/101.0.4951.41 Safari/537.36 Edg/101.0.1210.32"
192.168.1.104 - - [30/Apr/2022:01:02:37 -0700] "GET /viwer.html HTTP/1.1" 404 581 "-" "Mozilla/5.0 (Linux; Android 11; LM-V510N) AppleWebKit/537.36 (KHTML, like Gecko) Chrome/101.0.4951.41 Mobile Safari/537.36"
192.168.1.104 - - [30/Apr/2022:01:02:39 -0700] "GET /viwer.html HTTP/1.1" 404 581 "-" "Mozilla/5.0 (Linux; Android 11; LM-V510N) AppleWebKit/537.36 (KHTML, like Gecko) Chrome/101.0.4951.41 Mobile Safari/537.36"
127.0.0.1 - - [30/Apr/2022:01:02:43 -0700] "GET /hls/stream1.m3u8 HTTP/1.1" 200 644 "http://localhost/viewer.html" "Mozilla/5.0 (Windows NT 10.0; Win64; x64) AppleWebKit/537.36 (KHTML, like Gecko) Chrome/101.0.4951.41 Safari/537.36 Edg/101.0.1210.32"
127.0.0.1 - - [30/Apr/2022:01:02:43 -0700] "GET /hls/stream1.m3u8 HTTP/1.1" 200 644 "http://localhost/viewer.html" "Mozilla/5.0 (Windows NT 10.0; Win64; x64) AppleWebKit/537.36 (KHTML, like Gecko) Chrome/101.0.4951.41 Safari/537.36 Edg/101.0.1210.32"
127.0.0.1 - - [30/Apr/2022:01:02:43 -0700] "GET /hls/stream1-20.ts HTTP/1.1" 200 2738972 "http://localhost/viewer.html" "Mozilla/5.0 (Windows NT 10.0; Win64; x64) AppleWebKit/537.36 (KHTML, like Gecko) Chrome/101.0.4951.41 Safari/537.36 Edg/101.0.1210.32"
127.0.0.1 - - [30/Apr/2022:01:02:51 -0700] "GET /hls/stream1.m3u8 HTTP/1.1" 200 645 "http://localhost/viewer.html" "Mozilla/5.0 (Windows NT 10.0; Win64; x64) AppleWebKit/537.36 (KHTML, like Gecko) Chrome/101.0.4951.41 Safari/537.36 Edg/101.0.1210.32"
127.0.0.1 - - [30/Apr/2022:01:02:51 -0700] "GET /hls/stream1-21.ts HTTP/1.1" 200 2557740 "http://localhost/viewer.html" "Mozilla/5.0 (Windows NT 10.0; Win64; x64) AppleWebKit/537.36 (KHTML, like Gecko) Chrome/101.0.4951.41 Safari/537.36 Edg/101.0.1210.32"
127.0.0.1 - - [30/Apr/2022:01:02:51 -0700] "GET /hls/stream1.m3u8 HTTP/1.1" 200 645 "http://localhost/viewer.html" "Mozilla/5.0 (Windows NT 10.0; Win64; x64) AppleWebKit/537.36 (KHTML, like Gecko) Chrome/101.0.4951.41 Safari/537.36 Edg/101.0.1210.32"
127.0.0.1 - - [30/Apr/2022:01:02:58 -0700] "GET /hls/stream1.m3u8 HTTP/1.1" 200 646 "http://localhost/viewer.html" "Mozilla/5.0 (Windows NT 10.0; Win64; x64) AppleWebKit/537.36 (KHTML, like Gecko) Chrome/101.0.4951.41 Safari/537.36 Edg/101.0.1210.32"
127.0.0.1 - - [30/Apr/2022:01:02:58 -0700] "GET /hls/stream1-22.ts HTTP/1.1" 200 1893724 "http://localhost/viewer.html" "Mozilla/5.0 (Windows NT 10.0; Win64; x64) AppleWebKit/537.36 (KHTML, like Gecko) Chrome/101.0.4951.41 Safari/537.36 Edg/101.0.1210.32"
127.0.0.1 - - [30/Apr/2022:01:02:58 -0700] "GET /hls/stream1.m3u8 HTTP/1.1" 200 646 "http://localhost/viewer.html" "Mozilla/5.0 (Windows NT 10.0; Win64; x64) AppleWebKit/537.36 (KHTML, like Gecko) Chrome/101.0.4951.41 Safari/537.36 Edg/101.0.1210.32"
127.0.0.1 - - [30/Apr/2022:01:03:04 -0700] "GET /hls/stream1.m3u8 HTTP/1.1" 200 647 "http://localhost/viewer.html" "Mozilla/5.0 (Windows NT 10.0; Win64; x64) AppleWebKit/537.36 (KHTML, like Gecko) Chrome/101.0.4951.41 Safari/537.36 Edg/101.0.1210.32"
127.0.0.1 - - [30/Apr/2022:01:03:04 -0700] "GET /hls/stream1.m3u8 HTTP/1.1" 200 647 "http://localhost/viewer.html" "Mozilla/5.0 (Windows NT 10.0; Win64; x64) AppleWebKit/537.36 (KHTML, like Gecko) Chrome/101.0.4951.41 Safari/537.36 Edg/101.0.1210.32"
127.0.0.1 - - [30/Apr/2022:01:03:04 -0700] "GET /hls/stream1-23.ts HTTP/1.1" 200 2774504 "http://localhost/viewer.html" "Mozilla/5.0 (Windows NT 10.0; Win64; x64) AppleWebKit/537.36 (KHTML, like Gecko) Chrome/101.0.4951.41 Safari/537.36 Edg/101.0.1210.32"
127.0.0.1 - - [30/Apr/2022:01:03:12 -0700] "GET /hls/stream1.m3u8 HTTP/1.1" 200 648 "http://localhost/viewer.html" "Mozilla/5.0 (Windows NT 10.0; Win64; x64) AppleWebKit/537.36 (KHTML, like Gecko) Chrome/101.0.4951.41 Safari/537.36 Edg/101.0.1210.32"
127.0.0.1 - - [30/Apr/2022:01:03:12 -0700] "GET /hls/stream1.m3u8 HTTP/1.1" 200 648 "http://localhost/viewer.html" "Mozilla/5.0 (Windows NT 10.0; Win64; x64) AppleWebKit/537.36 (KHTML, like Gecko) Chrome/101.0.4951.41 Safari/537.36 Edg/101.0.1210.32"
127.0.0.1 - - [30/Apr/2022:01:03:12 -0700] "GET /hls/stream1-24.ts HTTP/1.1" 200 2314844 "http://localhost/viewer.html" "Mozilla/5.0 (Windows NT 10.0; Win64; x64) AppleWebKit/537.36 (KHTML, like Gecko) Chrome/101.0.4951.41 Safari/537.36 Edg/101.0.1210.32"
192.168.1.104 - - [30/Apr/2022:01:03:17 -0700] "GET /viewer.html HTTP/1.1" 200 467 "-" "Mozilla/5.0 (Linux; Android 11; LM-V510N) AppleWebKit/537.36 (KHTML, like Gecko) Chrome/101.0.4951.41 Mobile Safari/537.36"
192.168.1.104 - - [30/Apr/2022:01:03:17 -0700] "GET /js/video-js.css HTTP/1.1" 200 45440 "http://192.168.1.109/viewer.html" "Mozilla/5.0 (Linux; Android 11; LM-V510N) AppleWebKit/537.36 (KHTML, like Gecko) Chrome/101.0.4951.41 Mobile Safari/537.36"
192.168.1.104 - - [30/Apr/2022:01:03:17 -0700] "GET /hls/stream1.m3u8 HTTP/1.1" 206 649 "http://192.168.1.109/viewer.html" "Mozilla/5.0 (Linux; Android 11; LM-V510N) AppleWebKit/537.36 (KHTML, like Gecko) Chrome/101.0.4951.41 Mobile Safari/537.36"
192.168.1.104 - - [30/Apr/2022:01:03:17 -0700] "GET /js/video.js HTTP/1.1" 200 2030117 "http://192.168.1.109/viewer.html" "Mozilla/5.0 (Linux; Android 11; LM-V510N) AppleWebKit/537.36 (KHTML, like Gecko) Chrome/101.0.4951.41 Mobile Safari/537.36"
192.168.1.104 - - [30/Apr/2022:01:03:17 -0700] "GET /hls/stream1.m3u8 HTTP/1.1" 200 649 "-" "Mozilla/5.0 (Linux; Android 11; LM-V510N) AppleWebKit/537.36 (KHTML, like Gecko) Chrome/101.0.4951.41 Mobile Safari/537.36"
192.168.1.104 - - [30/Apr/2022:01:03:17 -0700] "GET /hls/stream1.m3u8 HTTP/1.1" 200 649 "-" "Mozilla/5.0 (Linux; Android 11; LM-V510N) AppleWebKit/537.36 (KHTML, like Gecko) Chrome/101.0.4951.41 Mobile Safari/537.36"
192.168.1.104 - - [30/Apr/2022:01:03:17 -0700] "GET /hls/stream1.m3u8 HTTP/1.1" 304 0 "http://192.168.1.109/viewer.html" "Mozilla/5.0 (Linux; Android 11; LM-V510N) AppleWebKit/537.36 (KHTML, like Gecko) Chrome/101.0.4951.41 Mobile Safari/537.36"
192.168.1.104 - - [30/Apr/2022:01:03:17 -0700] "GET /hls/stream1-22.ts HTTP/1.1" 200 1048576 "-" "Mozilla/5.0 (Linux; Android 11; LM-V510N) AppleWebKit/537.36 (KHTML, like Gecko) Chrome/101.0.4951.41 Mobile Safari/537.36"
127.0.0.1 - - [30/Apr/2022:01:03:18 -0700] "GET /hls/stream1.m3u8 HTTP/1.1" 200 649 "http://localhost/viewer.html" "Mozilla/5.0 (Windows NT 10.0; Win64; x64) AppleWebKit/537.36 (KHTML, like Gecko) Chrome/101.0.4951.41 Safari/537.36 Edg/101.0.1210.32"
127.0.0.1 - - [30/Apr/2022:01:03:18 -0700] "GET /hls/stream1-25.ts HTTP/1.1" 200 2346428 "http://localhost/viewer.html" "Mozilla/5.0 (Windows NT 10.0; Win64; x64) AppleWebKit/537.36 (KHTML, like Gecko) Chrome/101.0.4951.41 Safari/537.36 Edg/101.0.1210.32"
127.0.0.1 - - [30/Apr/2022:01:03:18 -0700] "GET /hls/stream1.m3u8 HTTP/1.1" 200 649 "http://localhost/viewer.html" "Mozilla/5.0 (Windows NT 10.0; Win64; x64) AppleWebKit/537.36 (KHTML, like Gecko) Chrome/101.0.4951.41 Safari/537.36 Edg/101.0.1210.32"
192.168.1.104 - - [30/Apr/2022:01:03:19 -0700] "GET /hls/stream1-21.ts HTTP/1.1" 200 2557740 "http://192.168.1.109/viewer.html" "Mozilla/5.0 (Linux; Android 11; LM-V510N) AppleWebKit/537.36 (KHTML, like Gecko) Chrome/101.0.4951.41 Mobile Safari/537.36"
192.168.1.104 - - [30/Apr/2022:01:03:19 -0700] "GET /hls/stream1-22.ts HTTP/1.1" 200 1893724 "http://192.168.1.109/viewer.html" "Mozilla/5.0 (Linux; Android 11; LM-V510N) AppleWebKit/537.36 (KHTML, like Gecko) Chrome/101.0.4951.41 Mobile Safari/537.36"
192.168.1.104 - - [30/Apr/2022:01:03:19 -0700] "GET /hls/stream1-23.ts HTTP/1.1" 200 2774504 "http://192.168.1.109/viewer.html" "Mozilla/5.0 (Linux; Android 11; LM-V510N) AppleWebKit/537.36 (KHTML, like Gecko) Chrome/101.0.4951.41 Mobile Safari/537.36"
192.168.1.104 - - [30/Apr/2022:01:03:20 -0700] "GET /hls/stream1-24.ts HTTP/1.1" 200 2314844 "http://192.168.1.109/viewer.html" "Mozilla/5.0 (Linux; Android 11; LM-V510N) AppleWebKit/537.36 (KHTML, like Gecko) Chrome/101.0.4951.41 Mobile Safari/537.36"
192.168.1.104 - - [30/Apr/2022:01:03:20 -0700] "GET /hls/stream1-25.ts HTTP/1.1" 200 2346428 "http://192.168.1.109/viewer.html" "Mozilla/5.0 (Linux; Android 11; LM-V510N) AppleWebKit/537.36 (KHTML, like Gecko) Chrome/101.0.4951.41 Mobile Safari/537.36"
192.168.1.104 - - [30/Apr/2022:01:03:25 -0700] "GET /hls/stream1.m3u8 HTTP/1.1" 206 649 "http://192.168.1.109/viewer.html" "Mozilla/5.0 (Linux; Android 11; LM-V510N) AppleWebKit/537.36 (KHTML, like Gecko) Chrome/101.0.4951.41 Mobile Safari/537.36"
192.168.1.104 - - [30/Apr/2022:01:03:25 -0700] "GET /hls/stream1-26.ts HTTP/1.1" 200 1753100 "http://192.168.1.109/viewer.html" "Mozilla/5.0 (Linux; Android 11; LM-V510N) AppleWebKit/537.36 (KHTML, like Gecko) Chrome/101.0.4951.41 Mobile Safari/537.36"
127.0.0.1 - - [30/Apr/2022:01:03:26 -0700] "GET /hls/stream1.m3u8 HTTP/1.1" 200 650 "http://localhost/viewer.html" "Mozilla/5.0 (Windows NT 10.0; Win64; x64) AppleWebKit/537.36 (KHTML, like Gecko) Chrome/101.0.4951.41 Safari/537.36 Edg/101.0.1210.32"
127.0.0.1 - - [30/Apr/2022:01:03:26 -0700] "GET /hls/stream1.m3u8 HTTP/1.1" 200 650 "http://localhost/viewer.html" "Mozilla/5.0 (Windows NT 10.0; Win64; x64) AppleWebKit/537.36 (KHTML, like Gecko) Chrome/101.0.4951.41 Safari/537.36 Edg/101.0.1210.32"
127.0.0.1 - - [30/Apr/2022:01:03:26 -0700] "GET /hls/stream1-26.ts HTTP/1.1" 200 1753100 "http://localhost/viewer.html" "Mozilla/5.0 (Windows NT 10.0; Win64; x64) AppleWebKit/537.36 (KHTML, like Gecko) Chrome/101.0.4951.41 Safari/537.36 Edg/101.0.1210.32"
192.168.1.104 - - [30/Apr/2022:01:03:29 -0700] "GET /hls/stream1.m3u8 HTTP/1.1" 200 650 "http://192.168.1.109/viewer.html" "Mozilla/5.0 (Linux; Android 11; LM-V510N) AppleWebKit/537.36 (KHTML, like Gecko) Chrome/101.0.4951.41 Mobile Safari/537.36"
127.0.0.1 - - [30/Apr/2022:01:03:31 -0700] "GET /hls/stream1.m3u8 HTTP/1.1" 200 653 "http://localhost/viewer.html" "Mozilla/5.0 (Windows NT 10.0; Win64; x64) AppleWebKit/537.36 (KHTML, like Gecko) Chrome/101.0.4951.41 Safari/537.36 Edg/101.0.1210.32"
127.0.0.1 - - [30/Apr/2022:01:03:31 -0700] "GET /hls/stream1-27.ts HTTP/1.1" 200 3587228 "http://localhost/viewer.html" "Mozilla/5.0 (Windows NT 10.0; Win64; x64) AppleWebKit/537.36 (KHTML, like Gecko) Chrome/101.0.4951.41 Safari/537.36 Edg/101.0.1210.32"
127.0.0.1 - - [30/Apr/2022:01:03:31 -0700] "GET /hls/stream1.m3u8 HTTP/1.1" 200 653 "http://localhost/viewer.html" "Mozilla/5.0 (Windows NT 10.0; Win64; x64) AppleWebKit/537.36 (KHTML, like Gecko) Chrome/101.0.4951.41 Safari/537.36 Edg/101.0.1210.32"
192.168.1.104 - - [30/Apr/2022:01:03:34 -0700] "GET /hls/stream1.m3u8 HTTP/1.1" 200 653 "http://192.168.1.109/viewer.html" "Mozilla/5.0 (Linux; Android 11; LM-V510N) AppleWebKit/537.36 (KHTML, like Gecko) Chrome/101.0.4951.41 Mobile Safari/537.36"
192.168.1.104 - - [30/Apr/2022:01:03:34 -0700] "GET /hls/stream1-27.ts HTTP/1.1" 200 3587228 "http://192.168.1.109/viewer.html" "Mozilla/5.0 (Linux; Android 11; LM-V510N) AppleWebKit/537.36 (KHTML, like Gecko) Chrome/101.0.4951.41 Mobile Safari/537.36"
127.0.0.1 - - [30/Apr/2022:01:03:41 -0700] "GET /hls/stream1.m3u8 HTTP/1.1" 200 656 "http://localhost/viewer.html" "Mozilla/5.0 (Windows NT 10.0; Win64; x64) AppleWebKit/537.36 (KHTML, like Gecko) Chrome/101.0.4951.41 Safari/537.36 Edg/101.0.1210.32"
127.0.0.1 - - [30/Apr/2022:01:03:41 -0700] "GET /hls/stream1.m3u8 HTTP/1.1" 200 656 "http://localhost/viewer.html" "Mozilla/5.0 (Windows NT 10.0; Win64; x64) AppleWebKit/537.36 (KHTML, like Gecko) Chrome/101.0.4951.41 Safari/537.36 Edg/101.0.1210.32"
127.0.0.1 - - [30/Apr/2022:01:03:41 -0700] "GET /hls/stream1-28.ts HTTP/1.1" 200 1192860 "http://localhost/viewer.html" "Mozilla/5.0 (Windows NT 10.0; Win64; x64) AppleWebKit/537.36 (KHTML, like Gecko) Chrome/101.0.4951.41 Safari/537.36 Edg/101.0.1210.32"
127.0.0.1 - - [30/Apr/2022:01:03:41 -0700] "GET /hls/stream1-29.ts HTTP/1.1" 200 1688240 "http://localhost/viewer.html" "Mozilla/5.0 (Windows NT 10.0; Win64; x64) AppleWebKit/537.36 (KHTML, like Gecko) Chrome/101.0.4951.41 Safari/537.36 Edg/101.0.1210.32"
192.168.1.104 - - [30/Apr/2022:01:03:44 -0700] "GET /hls/stream1.m3u8 HTTP/1.1" 200 656 "http://192.168.1.109/viewer.html" "Mozilla/5.0 (Linux; Android 11; LM-V510N) AppleWebKit/537.36 (KHTML, like Gecko) Chrome/101.0.4951.41 Mobile Safari/537.36"
192.168.1.104 - - [30/Apr/2022:01:03:44 -0700] "GET /hls/stream1-28.ts HTTP/1.1" 200 1192860 "http://192.168.1.109/viewer.html" "Mozilla/5.0 (Linux; Android 11; LM-V510N) AppleWebKit/537.36 (KHTML, like Gecko) Chrome/101.0.4951.41 Mobile Safari/537.36"
192.168.1.104 - - [30/Apr/2022:01:03:44 -0700] "GET /hls/stream1-29.ts HTTP/1.1" 200 1688240 "http://192.168.1.109/viewer.html" "Mozilla/5.0 (Linux; Android 11; LM-V510N) AppleWebKit/537.36 (KHTML, like Gecko) Chrome/101.0.4951.41 Mobile Safari/537.36"
192.168.1.104 - - [30/Apr/2022:01:03:45 -0700] "GET /hls/stream1-30.ts HTTP/1.1" 200 1521108 "http://192.168.1.109/viewer.html" "Mozilla/5.0 (Linux; Android 11; LM-V510N) AppleWebKit/537.36 (KHTML, like Gecko) Chrome/101.0.4951.41 Mobile Safari/537.36"
127.0.0.1 - - [30/Apr/2022:01:03:46 -0700] "GET /hls/stream1.m3u8 HTTP/1.1" 200 656 "http://localhost/viewer.html" "Mozilla/5.0 (Windows NT 10.0; Win64; x64) AppleWebKit/537.36 (KHTML, like Gecko) Chrome/101.0.4951.41 Safari/537.36 Edg/101.0.1210.32"
127.0.0.1 - - [30/Apr/2022:01:03:46 -0700] "GET /hls/stream1-30.ts HTTP/1.1" 200 1521108 "http://localhost/viewer.html" "Mozilla/5.0 (Windows NT 10.0; Win64; x64) AppleWebKit/537.36 (KHTML, like Gecko) Chrome/101.0.4951.41 Safari/537.36 Edg/101.0.1210.32"
127.0.0.1 - - [30/Apr/2022:01:03:46 -0700] "GET /hls/stream1.m3u8 HTTP/1.1" 200 656 "http://localhost/viewer.html" "Mozilla/5.0 (Windows NT 10.0; Win64; x64) AppleWebKit/537.36 (KHTML, like Gecko) Chrome/101.0.4951.41 Safari/537.36 Edg/101.0.1210.32"
192.168.1.104 - - [30/Apr/2022:01:03:49 -0700] "GET /hls/stream1.m3u8 HTTP/1.1" 200 656 "http://192.168.1.109/viewer.html" "Mozilla/5.0 (Linux; Android 11; LM-V510N) AppleWebKit/537.36 (KHTML, like Gecko) Chrome/101.0.4951.41 Mobile Safari/537.36"
192.168.1.104 - - [30/Apr/2022:01:03:49 -0700] "GET /hls/stream1-31.ts HTTP/1.1" 200 1324272 "http://192.168.1.109/viewer.html" "Mozilla/5.0 (Linux; Android 11; LM-V510N) AppleWebKit/537.36 (KHTML, like Gecko) Chrome/101.0.4951.41 Mobile Safari/537.36"
127.0.0.1 - - [30/Apr/2022:01:03:50 -0700] "GET /hls/stream1.m3u8 HTTP/1.1" 200 656 "http://localhost/viewer.html" "Mozilla/5.0 (Windows NT 10.0; Win64; x64) AppleWebKit/537.36 (KHTML, like Gecko) Chrome/101.0.4951.41 Safari/537.36 Edg/101.0.1210.32"
127.0.0.1 - - [30/Apr/2022:01:03:50 -0700] "GET /hls/stream1-31.ts HTTP/1.1" 200 1324272 "http://localhost/viewer.html" "Mozilla/5.0 (Windows NT 10.0; Win64; x64) AppleWebKit/537.36 (KHTML, like Gecko) Chrome/101.0.4951.41 Safari/537.36 Edg/101.0.1210.32"
127.0.0.1 - - [30/Apr/2022:01:03:51 -0700] "GET /hls/stream1.m3u8 HTTP/1.1" 200 656 "http://localhost/viewer.html" "Mozilla/5.0 (Windows NT 10.0; Win64; x64) AppleWebKit/537.36 (KHTML, like Gecko) Chrome/101.0.4951.41 Safari/537.36 Edg/101.0.1210.32"
127.0.0.1 - - [30/Apr/2022:01:03:51 -0700] "GET /hls/stream1-32.ts HTTP/1.1" 200 1080436 "http://localhost/viewer.html" "Mozilla/5.0 (Windows NT 10.0; Win64; x64) AppleWebKit/537.36 (KHTML, like Gecko) Chrome/101.0.4951.41 Safari/537.36 Edg/101.0.1210.32"
192.168.1.104 - - [30/Apr/2022:01:03:53 -0700] "GET /hls/stream1.m3u8 HTTP/1.1" 200 656 "http://192.168.1.109/viewer.html" "Mozilla/5.0 (Linux; Android 11; LM-V510N) AppleWebKit/537.36 (KHTML, like Gecko) Chrome/101.0.4951.41 Mobile Safari/537.36"
192.168.1.104 - - [30/Apr/2022:01:03:53 -0700] "GET /hls/stream1-32.ts HTTP/1.1" 200 1080436 "http://192.168.1.109/viewer.html" "Mozilla/5.0 (Linux; Android 11; LM-V510N) AppleWebKit/537.36 (KHTML, like Gecko) Chrome/101.0.4951.41 Mobile Safari/537.36"
127.0.0.1 - - [30/Apr/2022:01:03:54 -0700] "GET /hls/stream1.m3u8 HTTP/1.1" 304 0 "http://localhost/viewer.html" "Mozilla/5.0 (Windows NT 10.0; Win64; x64) AppleWebKit/537.36 (KHTML, like Gecko) Chrome/101.0.4951.41 Safari/537.36 Edg/101.0.1210.32"
127.0.0.1 - - [30/Apr/2022:01:03:54 -0700] "GET /hls/stream1.m3u8 HTTP/1.1" 304 0 "http://localhost/viewer.html" "Mozilla/5.0 (Windows NT 10.0; Win64; x64) AppleWebKit/537.36 (KHTML, like Gecko) Chrome/101.0.4951.41 Safari/537.36 Edg/101.0.1210.32"
192.168.1.104 - - [30/Apr/2022:01:03:56 -0700] "GET /hls/stream1.m3u8 HTTP/1.1" 200 656 "http://192.168.1.109/viewer.html" "Mozilla/5.0 (Linux; Android 11; LM-V510N) AppleWebKit/537.36 (KHTML, like Gecko) Chrome/101.0.4951.41 Mobile Safari/537.36"
192.168.1.104 - - [30/Apr/2022:01:03:56 -0700] "GET /hls/stream1-33.ts HTTP/1.1" 200 1351532 "http://192.168.1.109/viewer.html" "Mozilla/5.0 (Linux; Android 11; LM-V510N) AppleWebKit/537.36 (KHTML, like Gecko) Chrome/101.0.4951.41 Mobile Safari/537.36"
127.0.0.1 - - [30/Apr/2022:01:03:59 -0700] "GET /hls/stream1.m3u8 HTTP/1.1" 200 656 "http://localhost/viewer.html" "Mozilla/5.0 (Windows NT 10.0; Win64; x64) AppleWebKit/537.36 (KHTML, like Gecko) Chrome/101.0.4951.41 Safari/537.36 Edg/101.0.1210.32"
127.0.0.1 - - [30/Apr/2022:01:03:59 -0700] "GET /hls/stream1.m3u8 HTTP/1.1" 200 656 "http://localhost/viewer.html" "Mozilla/5.0 (Windows NT 10.0; Win64; x64) AppleWebKit/537.36 (KHTML, like Gecko) Chrome/101.0.4951.41 Safari/537.36 Edg/101.0.1210.32"
127.0.0.1 - - [30/Apr/2022:01:03:59 -0700] "GET /hls/stream1-33.ts HTTP/1.1" 200 1351532 "http://localhost/viewer.html" "Mozilla/5.0 (Windows NT 10.0; Win64; x64) AppleWebKit/537.36 (KHTML, like Gecko) Chrome/101.0.4951.41 Safari/537.36 Edg/101.0.1210.32"
127.0.0.1 - - [30/Apr/2022:01:03:59 -0700] "GET /hls/stream1-34.ts HTTP/1.1" 200 1396464 "http://localhost/viewer.html" "Mozilla/5.0 (Windows NT 10.0; Win64; x64) AppleWebKit/537.36 (KHTML, like Gecko) Chrome/101.0.4951.41 Safari/537.36 Edg/101.0.1210.32"
192.168.1.104 - - [30/Apr/2022:01:04:00 -0700] "GET /hls/stream1.m3u8 HTTP/1.1" 200 656 "http://192.168.1.109/viewer.html" "Mozilla/5.0 (Linux; Android 11; LM-V510N) AppleWebKit/537.36 (KHTML, like Gecko) Chrome/101.0.4951.41 Mobile Safari/537.36"
192.168.1.104 - - [30/Apr/2022:01:04:00 -0700] "GET /hls/stream1-34.ts HTTP/1.1" 200 1396464 "http://192.168.1.109/viewer.html" "Mozilla/5.0 (Linux; Android 11; LM-V510N) AppleWebKit/537.36 (KHTML, like Gecko) Chrome/101.0.4951.41 Mobile Safari/537.36"
192.168.1.1 - - [30/Apr/2022:01:04:03 -0700] "GET /viewer.html HTTP/1.1" 200 467 "-" "Mozilla/5.0 (Linux; Android 11; LM-V510N) AppleWebKit/537.36 (KHTML, like Gecko) Chrome/101.0.4951.41 Mobile Safari/537.36"
192.168.1.1 - - [30/Apr/2022:01:04:03 -0700] "GET /js/video-js.css HTTP/1.1" 200 45440 "http://26.18.235.84/viewer.html" "Mozilla/5.0 (Linux; Android 11; LM-V510N) AppleWebKit/537.36 (KHTML, like Gecko) Chrome/101.0.4951.41 Mobile Safari/537.36"
192.168.1.1 - - [30/Apr/2022:01:04:03 -0700] "GET /hls/stream1.m3u8 HTTP/1.1" 206 656 "http://26.18.235.84/viewer.html" "Mozilla/5.0 (Linux; Android 11; LM-V510N) AppleWebKit/537.36 (KHTML, like Gecko) Chrome/101.0.4951.41 Mobile Safari/537.36"
192.168.1.1 - - [30/Apr/2022:01:04:03 -0700] "GET /hls/stream1.m3u8 HTTP/1.1" 200 656 "-" "Mozilla/5.0 (Linux; Android 11; LM-V510N) AppleWebKit/537.36 (KHTML, like Gecko) Chrome/101.0.4951.41 Mobile Safari/537.36"
192.168.1.1 - - [30/Apr/2022:01:04:03 -0700] "GET /hls/stream1.m3u8 HTTP/1.1" 200 656 "-" "Mozilla/5.0 (Linux; Android 11; LM-V510N) AppleWebKit/537.36 (KHTML, like Gecko) Chrome/101.0.4951.41 Mobile Safari/537.36"
192.168.1.1 - - [30/Apr/2022:01:04:03 -0700] "GET /js/video.js HTTP/1.1" 200 2030117 "http://26.18.235.84/viewer.html" "Mozilla/5.0 (Linux; Android 11; LM-V510N) AppleWebKit/537.36 (KHTML, like Gecko) Chrome/101.0.4951.41 Mobile Safari/537.36"
192.168.1.1 - - [30/Apr/2022:01:04:03 -0700] "GET /hls/stream1.m3u8 HTTP/1.1" 304 0 "http://26.18.235.84/viewer.html" "Mozilla/5.0 (Linux; Android 11; LM-V510N) AppleWebKit/537.36 (KHTML, like Gecko) Chrome/101.0.4951.41 Mobile Safari/537.36"
192.168.1.1 - - [30/Apr/2022:01:04:03 -0700] "GET /hls/stream1-27.ts HTTP/1.1" 200 2654208 "-" "Mozilla/5.0 (Linux; Android 11; LM-V510N) AppleWebKit/537.36 (KHTML, like Gecko) Chrome/101.0.4951.41 Mobile Safari/537.36"
127.0.0.1 - - [30/Apr/2022:01:04:03 -0700] "GET /hls/stream1.m3u8 HTTP/1.1" 200 656 "http://localhost/viewer.html" "Mozilla/5.0 (Windows NT 10.0; Win64; x64) AppleWebKit/537.36 (KHTML, like Gecko) Chrome/101.0.4951.41 Safari/537.36 Edg/101.0.1210.32"
127.0.0.1 - - [30/Apr/2022:01:04:03 -0700] "GET /hls/stream1-35.ts HTTP/1.1" 200 1057688 "http://localhost/viewer.html" "Mozilla/5.0 (Windows NT 10.0; Win64; x64) AppleWebKit/537.36 (KHTML, like Gecko) Chrome/101.0.4951.41 Safari/537.36 Edg/101.0.1210.32"
127.0.0.1 - - [30/Apr/2022:01:04:03 -0700] "GET /hls/stream1.m3u8 HTTP/1.1" 200 656 "http://localhost/viewer.html" "Mozilla/5.0 (Windows NT 10.0; Win64; x64) AppleWebKit/537.36 (KHTML, like Gecko) Chrome/101.0.4951.41 Safari/537.36 Edg/101.0.1210.32"
